==================================== INPUT ====================================
fragment a on Node {
  ... on User {
    name
  }
  ... on Page {
    __typename
    doesViewerLike
  }
}
==================================== OUTPUT ===================================
import { FragmentRefs } from "relay-runtime";
export type a$data = {
  readonly __typename: "Page";
  readonly doesViewerLike: boolean | null | undefined;
  readonly " $fragmentType": "a";
} | {
  // This will never be '%other', but we need some
  // value in case none of the concrete values match.
  readonly __typename: "%other";
  readonly " $fragmentType": "a";
} | {
  readonly name: string | null | undefined;
  readonly " $fragmentType": "a";
};
export type a$key = {
  readonly " $data"?: a$data;
  readonly " $fragmentSpreads": FragmentRefs<"a">;
};
