==================================== INPUT ====================================
query RelayClientIDFieldQuery($id: ID!) {
  __id # ok on query type
  me {
    __id # ok on object type with 'id'
    __typename
    id
  }
  node(id: $id) {
    __id # ok on interface type
    __typename
    id
    ... on Comment {
      commentBody(supported: ["PlainCommentBody"]) {
        __id # ok on union type
        __typename
        ... on PlainCommentBody {
          __id # ok on object type w/o 'id'
          text {
            __id # ok on object type w/o 'id'
            __typename
            text
          }
        }
      }
    }
  }
}
==================================== OUTPUT ===================================
export type RelayClientIDFieldQuery$variables = {
  id: string;
};
export type RelayClientIDFieldQuery$data = {
  readonly __id: string;
  readonly me: {
    readonly __typename: "User";
    readonly __id: string;
    readonly id: string;
  } | null | undefined;
  readonly node: {
    readonly __typename: "Comment";
    readonly __id: string;
    readonly commentBody: {
      readonly __typename: "PlainCommentBody";
      readonly __id: string;
      readonly __id: string;
      readonly text: {
        readonly __typename: "Text";
        readonly __id: string;
        readonly text: string | null | undefined;
      } | null | undefined;
    } | {
      // This will never be '%other', but we need some
      // value in case none of the concrete values match.
      readonly __typename: "%other";
    } | null | undefined;
    readonly id: string;
  } | {
    // This will never be '%other', but we need some
    // value in case none of the concrete values match.
    readonly __typename: "%other";
  } | null | undefined;
};
export type RelayClientIDFieldQuery = {
  response: RelayClientIDFieldQuery$data;
  variables: RelayClientIDFieldQuery$variables;
};
